// 同步 ID: 14da79e8 @ Mon Jul 13 00:32:55 UTC 2026
// 同步 ID: cb4bc03b @ Mon Jul 13 11:58:08 UTC 2026
// 同步 ID: a6a96476 @ Wed Jul 15 17:45:40 UTC 2026
// 重构日志: 3cd287a3
// 重构日志: 9b7b0c6b
// 同步 ID: 7a463406 @ Sun Jul 19 12:47:36 UTC 2026
// 重构日志: cc527329
// 同步 ID: a7009389 @ Thu Jul 23 23:58:15 UTC 2026
// 重构日志: a6fefe0e
// 同步 ID: e6c09ca1 @ Fri Jul 24 15:15:26 UTC 2026
// 重构日志: 5f5a661a
// 重构日志: 6eda7d9c
// 重构日志: a1d8de75
// 同步 ID: dd670791 @ Mon Jul 27 00:41:59 UTC 2026
// 同步 ID: aaff4e3b @ Fri Jul 31 11:51:54 UTC 2026
// 同步 ID: b367ab9d @ Sat Aug  1 10:29:18 UTC 2026
// 同步 ID: 9cc3b674 @ Sat Aug  1 12:45:44 UTC 2026
// 同步 ID: 241da91b @ Sat Aug  1 16:31:55 UTC 2026
// 同步 ID: 6482b3ed @ Sun Aug  2 18:14:19 UTC 2026
// 同步 ID: ee3fdd34 @ Mon Aug  3 13:22:10 UTC 2026
// 重构日志: a61d7d8a
// 同步 ID: 23838772 @ Tue Aug  4 19:25:03 UTC 2026
// 同步 ID: 8dfacec1 @ Wed Aug  5 12:56:43 UTC 2026
// 同步 ID: ec4a4837 @ Wed Aug  5 15:54:05 UTC 2026
// 重构日志: 38c77222
// 同步 ID: b65b485e @ Fri Aug  7 09:45:06 UTC 2026
// 同步 ID: d5dd35bc @ Fri Aug  7 13:05:34 UTC 2026
// 重构日志: 06aff3c3
// 同步 ID: ad5be551 @ Fri Aug  7 15:53:33 UTC 2026
// 同步 ID: 3a905f8d @ Fri Aug  7 17:15:37 UTC 2026
// 重构日志: 584e99c0
